[debug] [2026-03-28T21:11:31.158Z] ----------------------------------------------------------------------
[debug] [2026-03-28T21:11:31.169Z] Command:       C:\Program Files\nodejs\node.exe C:\Users\Micro Novo\AppData\Roaming\npm\node_modules\firebase-tools\lib\bin\firebase.js init hosting
[debug] [2026-03-28T21:11:31.170Z] CLI Version:   15.12.0
[debug] [2026-03-28T21:11:31.170Z] Platform:      win32
[debug] [2026-03-28T21:11:31.170Z] Node Version:  v24.14.1
[debug] [2026-03-28T21:11:31.170Z] Time:          Sat Mar 28 2026 17:11:31 GMT-0400 (Horário Padrão do Amazonas)
[debug] [2026-03-28T21:11:31.170Z] ----------------------------------------------------------------------
[debug] 
[info] 
     ######## #### ########  ######## ########     ###     ######  ########
     ##        ##  ##     ## ##       ##     ##  ##   ##  ##       ##
     ######    ##  ########  ######   ########  #########  ######  ######
     ##        ##  ##    ##  ##       ##     ## ##     ##       ## ##
     ##       #### ##     ## ######## ########  ##     ##  ######  ########

You're about to initialize a Firebase project in this directory:

  C:\Users\Micro Novo\Documents\ticketam-firebase

[info] 
=== Project Setup
[info] 
[info] First, let's associate this project directory with a Firebase project.
[info] You can create multiple project aliases by running firebase use --add, 
[info] 
[debug] [2026-03-28T21:11:37.229Z] > command requires scopes: ["email","openid","https://www.googleapis.com/auth/cloudplatformprojects.readonly","https://www.googleapis.com/auth/firebase","https://www.googleapis.com/auth/cloud-platform"]
[debug] [2026-03-28T21:11:37.230Z] > authorizing via signed-in user (moisesjunior3@esbam.edu.br)
[debug] [2026-03-28T21:11:37.232Z] Checked if tokens are valid: true, expires at: 1774735150656
[debug] [2026-03-28T21:11:37.232Z] Checked if tokens are valid: true, expires at: 1774735150656
[debug] [2026-03-28T21:11:37.233Z] >>> [apiv2][query] GET https://firebase.googleapis.com/v1beta1/projects/tickeam [none]
[debug] [2026-03-28T21:11:38.253Z] <<< [apiv2][status] GET https://firebase.googleapis.com/v1beta1/projects/tickeam 200
[debug] [2026-03-28T21:11:38.254Z] <<< [apiv2][body] GET https://firebase.googleapis.com/v1beta1/projects/tickeam {"projectId":"tickeam","projectNumber":"977831692145","displayName":"TickeAM","name":"projects/tickeam","resources":{"hostingSite":"tickeam"},"state":"ACTIVE","etag":"1_a4d047d4-b5d2-4aba-b361-522eecf51d3d"}
[info] i  Using project tickeam (TickeAM) . 
[info] 
=== Hosting Setup
[debug] [2026-03-28T21:11:38.264Z] Checked if tokens are valid: true, expires at: 1774735150656
[debug] [2026-03-28T21:11:38.265Z] Checked if tokens are valid: true, expires at: 1774735150656
[debug] [2026-03-28T21:11:38.265Z] >>> [apiv2][query] GET https://firebase.googleapis.com/v1beta1/projects/tickeam [none]
[debug] [2026-03-28T21:11:38.800Z] <<< [apiv2][status] GET https://firebase.googleapis.com/v1beta1/projects/tickeam 200
[debug] [2026-03-28T21:11:38.800Z] <<< [apiv2][body] GET https://firebase.googleapis.com/v1beta1/projects/tickeam {"projectId":"tickeam","projectNumber":"977831692145","displayName":"TickeAM","name":"projects/tickeam","resources":{"hostingSite":"tickeam"},"state":"ACTIVE","etag":"1_a4d047d4-b5d2-4aba-b361-522eecf51d3d"}
[info] 
[info] Your public directory is the folder (relative to your project directory) that
[info] will contain Hosting assets to be uploaded with firebase deploy. If you
[info] have a build process for your assets, use your build's output directory.
[info] 
[info] 
[info] i  Didn't detect a .git folder. Assuming C:\Users\Micro Novo\Documents\ticketam-firebase is the project root. 
[info] i  Authorizing with GitHub to upload your service account to a GitHub repository's secrets store. 
[info] 
[info] Visit this URL on this device to log in:
[info] https://github.com/login/oauth/authorize?client_id=89cf50f02ac6aaed3484&state=579150519&redirect_uri=http%3A%2F%2Flocalhost%3A9005&scope=read%3Auser%20repo%20public_repo
[info] 
[info] Waiting for authentication...
[debug] [2026-03-28T21:12:03.451Z] >>> [apiv2][query] POST https://github.com/login/oauth/access_token [none]
[debug] [2026-03-28T21:12:03.451Z] >>> [apiv2][body] POST https://github.com/login/oauth/access_token [stream]
[debug] [2026-03-28T21:12:04.043Z] <<< [apiv2][status] POST https://github.com/login/oauth/access_token 200
[debug] [2026-03-28T21:12:04.043Z] <<< [apiv2][body] POST https://github.com/login/oauth/access_token {"access_token":"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","token_type":"bearer","scope":"read:user,repo"}
[debug] [2026-03-28T21:12:04.049Z] >>> [apiv2][query] GET https://api.github.com/user [none]
[debug] [2026-03-28T21:12:04.638Z] <<< [apiv2][status] GET https://api.github.com/user 200
[debug] [2026-03-28T21:12:04.638Z] <<< [apiv2][body] GET https://api.github.com/user {"login":"Moises-Assuncao","id":177894102,"node_id":"U_kgDOCppy1g","avatar_url":"https://avatars.githubusercontent.com/u/177894102?v=4","gravatar_id":"","url":"https://api.github.com/users/Moises-Assuncao","html_url":"https://github.com/Moises-Assuncao","followers_url":"https://api.github.com/users/Moises-Assuncao/followers","following_url":"https://api.github.com/users/Moises-Assuncao/following{/other_user}","gists_url":"https://api.github.com/users/Moises-Assuncao/gists{/gist_id}","starred_url":"https://api.github.com/users/Moises-Assuncao/starred{/owner}{/repo}","subscriptions_url":"https://api.github.com/users/Moises-Assuncao/subscriptions","organizations_url":"https://api.github.com/users/Moises-Assuncao/orgs","repos_url":"https://api.github.com/users/Moises-Assuncao/repos","events_url":"https://api.github.com/users/Moises-Assuncao/events{/privacy}","received_events_url":"https://api.github.com/users/Moises-Assuncao/received_events","type":"User","user_view_type":"private","site_admin":false,"name":null,"company":null,"blog":"","location":null,"email":null,"hireable":null,"bio":null,"twitter_username":null,"notification_email":null,"public_repos":5,"public_gists":0,"followers":1,"following":1,"created_at":"2024-08-08T23:32:23Z","updated_at":"2026-03-28T18:46:05Z","private_gists":1,"total_private_repos":4,"owned_private_repos":4,"disk_usage":29354,"collaborators":0,"two_factor_authentication":false,"plan":{"name":"free","space":976562499,"collaborators":0,"private_repos":10000}}
[info] 
[info] +  Success! Logged into GitHub as Moises-Assuncao 
[info] 
